// Jest Snapshot v1, https://goo.gl/fbAQLP

exports[`List component render list 1`] = `
<DocumentFragment>
  <ul />
</DocumentFragment>
`;
